[prod_110_w3x3_H668_v2.5_dd1] N=540  belt_110  H=668 G  vdw_scale=2.5  dd_scale=1.0  ciclos=23500  (una hebra)
  ciclo      0/23500  Eall=  -18.51  <Mz>=0.281  torsion=    -0.4 deg (-0.000 deg/nm)  acc=0.25  t=0.00 h  ETA=10.44 h
  ciclo    500/23500  Eall=  -39.27  <Mz>=0.963  torsion=    -2.8 deg (-0.003 deg/nm)  acc=0.27  t=0.14 h  ETA=6.41 h
  ciclo   1000/23500  Eall=  -40.12  <Mz>=0.959  torsion=    -3.1 deg (-0.003 deg/nm)  acc=0.38  t=0.47 h  ETA=10.50 h
  ciclo   1500/23500  Eall=  -40.55  <Mz>=0.962  torsion=    -3.1 deg (-0.003 deg/nm)  acc=0.42  t=0.71 h  ETA=10.37 h
  ciclo   2000/23500  Eall=  -40.84  <Mz>=0.963  torsion=    -0.3 deg (-0.000 deg/nm)  acc=0.44  t=0.87 h  ETA=9.34 h
  ciclo   2500/23500  Eall=  -41.23  <Mz>=0.961  torsion=    -0.2 deg (-0.000 deg/nm)  acc=0.45  t=4.78 h  ETA=40.11 h
  ciclo   3000/23500  Eall=  -41.32  <Mz>=0.960  torsion=     0.4 deg (+0.000 deg/nm)  acc=0.45  t=8.68 h  ETA=59.26 h
  ciclo   3500/23500  Eall=  -41.59  <Mz>=0.962  torsion=    -0.1 deg (-0.000 deg/nm)  acc=0.46  t=8.83 h  ETA=50.44 h
  ciclo   4000/23500  Eall=  -41.77  <Mz>=0.964  torsion=    -0.5 deg (-0.001 deg/nm)  acc=0.46  t=8.99 h  ETA=43.82 h
  ciclo   4500/23500  Eall=  -41.94  <Mz>=0.965  torsion=    -1.3 deg (-0.001 deg/nm)  acc=0.46  t=9.16 h  ETA=38.69 h
  ciclo   5000/23500  Eall=  -41.95  <Mz>=0.964  torsion=    -0.9 deg (-0.001 deg/nm)  acc=0.46  t=9.34 h  ETA=34.54 h
  ciclo   5500/23500  Eall=  -42.14  <Mz>=0.964  torsion=    -1.1 deg (-0.001 deg/nm)  acc=0.47  t=9.52 h  ETA=31.15 h
  ciclo   6000/23500  Eall=  -42.39  <Mz>=0.962  torsion=    -1.3 deg (-0.001 deg/nm)  acc=0.47  t=9.74 h  ETA=28.40 h
  ciclo   6500/23500  Eall=  -42.48  <Mz>=0.960  torsion=    -0.2 deg (-0.000 deg/nm)  acc=0.47  t=9.97 h  ETA=26.08 h
  ciclo   7000/23500  Eall=  -42.57  <Mz>=0.963  torsion=    -0.3 deg (-0.000 deg/nm)  acc=0.47  t=10.22 h  ETA=24.08 h
  ciclo   7500/23500  Eall=  -42.61  <Mz>=0.957  torsion=     0.3 deg (+0.000 deg/nm)  acc=0.47  t=10.46 h  ETA=22.31 h
  ciclo   8000/23500  Eall=  -42.86  <Mz>=0.962  torsion=     0.4 deg (+0.000 deg/nm)  acc=0.47  t=10.68 h  ETA=20.69 h
  ciclo   8500/23500  Eall=  -42.88  <Mz>=0.964  torsion=     0.4 deg (+0.000 deg/nm)  acc=0.47  t=10.88 h  ETA=19.19 h
  ciclo   9000/23500  Eall=  -42.89  <Mz>=0.962  torsion=     0.0 deg (+0.000 deg/nm)  acc=0.48  t=11.07 h  ETA=17.84 h
  ciclo   9500/23500  Eall=  -43.15  <Mz>=0.963  torsion=     0.3 deg (+0.000 deg/nm)  acc=0.48  t=11.27 h  ETA=16.60 h
  ciclo  10000/23500  Eall=  -43.07  <Mz>=0.960  torsion=     0.4 deg (+0.000 deg/nm)  acc=0.48  t=11.46 h  ETA=15.47 h
  ciclo  10500/23500  Eall=  -43.18  <Mz>=0.963  torsion=     0.3 deg (+0.000 deg/nm)  acc=0.48  t=11.64 h  ETA=14.41 h
  ciclo  11000/23500  Eall=  -43.26  <Mz>=0.962  torsion=     0.2 deg (+0.000 deg/nm)  acc=0.48  t=11.82 h  ETA=13.43 h
  ciclo  11500/23500  Eall=  -43.28  <Mz>=0.961  torsion=     0.6 deg (+0.001 deg/nm)  acc=0.48  t=12.00 h  ETA=12.52 h
  ciclo  12000/23500  Eall=  -43.50  <Mz>=0.966  torsion=     0.4 deg (+0.000 deg/nm)  acc=0.48  t=12.18 h  ETA=11.67 h
  ciclo  12500/23500  Eall=  -43.48  <Mz>=0.965  torsion=     0.3 deg (+0.000 deg/nm)  acc=0.48  t=12.36 h  ETA=10.88 h
  ciclo  13000/23500  Eall=  -43.45  <Mz>=0.962  torsion=     0.4 deg (+0.000 deg/nm)  acc=0.48  t=12.55 h  ETA=10.13 h
  ciclo  13500/23500  Eall=  -43.71  <Mz>=0.963  torsion=     0.1 deg (+0.000 deg/nm)  acc=0.48  t=12.74 h  ETA=9.43 h
  ciclo  14000/23500  Eall=  -43.74  <Mz>=0.964  torsion=     0.3 deg (+0.000 deg/nm)  acc=0.48  t=12.93 h  ETA=8.77 h
  ciclo  14500/23500  Eall=  -43.61  <Mz>=0.962  torsion=     0.0 deg (+0.000 deg/nm)  acc=0.48  t=13.11 h  ETA=8.14 h
  ciclo  15000/23500  Eall=  -43.81  <Mz>=0.967  torsion=     0.4 deg (+0.000 deg/nm)  acc=0.48  t=13.29 h  ETA=7.53 h
  ciclo  15500/23500  Eall=  -43.72  <Mz>=0.963  torsion=     0.2 deg (+0.000 deg/nm)  acc=0.48  t=13.47 h  ETA=6.95 h
  ciclo  16000/23500  Eall=  -43.86  <Mz>=0.965  torsion=     1.0 deg (+0.001 deg/nm)  acc=0.48  t=13.66 h  ETA=6.40 h
  ciclo  16500/23500  Eall=  -44.01  <Mz>=0.961  torsion=     0.8 deg (+0.001 deg/nm)  acc=0.48  t=13.84 h  ETA=5.87 h
  ciclo  17000/23500  Eall=  -43.97  <Mz>=0.962  torsion=     0.6 deg (+0.001 deg/nm)  acc=0.48  t=14.02 h  ETA=5.36 h
  ciclo  17500/23500  Eall=  -44.09  <Mz>=0.964  torsion=     0.4 deg (+0.000 deg/nm)  acc=0.48  t=14.20 h  ETA=4.87 h
  ciclo  18000/23500  Eall=  -44.14  <Mz>=0.965  torsion=     0.0 deg (+0.000 deg/nm)  acc=0.49  t=14.39 h  ETA=4.40 h
  ciclo  18500/23500  Eall=  -44.12  <Mz>=0.964  torsion=    -0.2 deg (-0.000 deg/nm)  acc=0.49  t=14.57 h  ETA=3.94 h
  ciclo  19000/23500  Eall=  -44.13  <Mz>=0.959  torsion=    -0.1 deg (-0.000 deg/nm)  acc=0.49  t=14.75 h  ETA=3.49 h
  ciclo  19500/23500  Eall=  -44.20  <Mz>=0.967  torsion=    -0.1 deg (-0.000 deg/nm)  acc=0.49  t=14.93 h  ETA=3.06 h
  ciclo  20000/23500  Eall=  -44.27  <Mz>=0.959  torsion=     0.6 deg (+0.001 deg/nm)  acc=0.49  t=15.12 h  ETA=2.65 h
  ciclo  20500/23500  Eall=  -44.39  <Mz>=0.964  torsion=     0.5 deg (+0.001 deg/nm)  acc=0.49  t=15.30 h  ETA=2.24 h
  ciclo  21000/23500  Eall=  -44.45  <Mz>=0.962  torsion=     0.8 deg (+0.001 deg/nm)  acc=0.49  t=15.49 h  ETA=1.84 h
  ciclo  21500/23500  Eall=  -44.66  <Mz>=0.962  torsion=     0.8 deg (+0.001 deg/nm)  acc=0.49  t=15.68 h  ETA=1.46 h
  ciclo  22000/23500  Eall=  -44.58  <Mz>=0.960  torsion=     1.1 deg (+0.001 deg/nm)  acc=0.49  t=15.87 h  ETA=1.08 h
  ciclo  22500/23500  Eall=  -44.61  <Mz>=0.963  torsion=     1.0 deg (+0.001 deg/nm)  acc=0.49  t=16.05 h  ETA=0.71 h
  ciclo  23000/23500  Eall=  -44.79  <Mz>=0.964  torsion=     1.4 deg (+0.001 deg/nm)  acc=0.49  t=16.24 h  ETA=0.35 h
{
 "tag": "prod_110_w3x3_H668_v2.5_dd1",
 "N": 540,
 "width": 3,
 "length": 60,
 "double": false,
 "arrangement": "110",
 "field": 668.0,
 "vdw_scale": 2.5,
 "dd_scale": 1.0,
 "cycles": 23500,
 "hours": 16.42216784523593,
 "twist_deg": 0.9031990956500592,
 "twist_rate": 0.00093496041588407,
 "pitch_nm": 385043.0391318706,
 "handedness": 0,
 "width_nm": 29.892568627250217,
 "coil_nm": 1.2131253631416048,
 "max_cluster": 540,
 "assembled": 1.0
}
