[prod_110_w3x3_H417_v3_dd1.5] N=540  belt_110  H=417 G  vdw_scale=3.0  dd_scale=1.5  ciclos=23500  (una hebra)
  ciclo      0/23500  Eall=  -21.98  <Mz>=0.173  torsion=    -0.2 deg (-0.000 deg/nm)  acc=0.31  t=0.00 h  ETA=10.52 h
  ciclo    500/23500  Eall=  -43.96  <Mz>=0.951  torsion=    14.2 deg (+0.015 deg/nm)  acc=0.24  t=0.14 h  ETA=6.29 h
  ciclo   1000/23500  Eall=  -44.89  <Mz>=0.950  torsion=    19.2 deg (+0.020 deg/nm)  acc=0.37  t=0.46 h  ETA=10.42 h
  ciclo   1500/23500  Eall=  -45.48  <Mz>=0.940  torsion=    19.0 deg (+0.020 deg/nm)  acc=0.41  t=0.71 h  ETA=10.36 h
  ciclo   2000/23500  Eall=  -45.92  <Mz>=0.950  torsion=    18.2 deg (+0.019 deg/nm)  acc=0.43  t=0.87 h  ETA=9.33 h
  ciclo   2500/23500  Eall=  -46.33  <Mz>=0.949  torsion=    18.7 deg (+0.019 deg/nm)  acc=0.45  t=5.03 h  ETA=42.26 h
  ciclo   3000/23500  Eall=  -46.65  <Mz>=0.957  torsion=    18.5 deg (+0.019 deg/nm)  acc=0.46  t=8.68 h  ETA=59.28 h
  ciclo   3500/23500  Eall=  -46.95  <Mz>=0.952  torsion=    17.8 deg (+0.018 deg/nm)  acc=0.46  t=8.83 h  ETA=50.47 h
  ciclo   4000/23500  Eall=  -47.07  <Mz>=0.950  torsion=    17.9 deg (+0.019 deg/nm)  acc=0.47  t=9.00 h  ETA=43.86 h
  ciclo   4500/23500  Eall=  -47.15  <Mz>=0.948  torsion=    17.8 deg (+0.018 deg/nm)  acc=0.47  t=9.17 h  ETA=38.73 h
  ciclo   5000/23500  Eall=  -47.38  <Mz>=0.949  torsion=    17.6 deg (+0.018 deg/nm)  acc=0.47  t=9.35 h  ETA=34.60 h
  ciclo   5500/23500  Eall=  -47.41  <Mz>=0.950  torsion=    18.6 deg (+0.019 deg/nm)  acc=0.47  t=9.54 h  ETA=31.21 h
  ciclo   6000/23500  Eall=  -47.52  <Mz>=0.947  torsion=    18.3 deg (+0.019 deg/nm)  acc=0.47  t=9.76 h  ETA=28.45 h
  ciclo   6500/23500  Eall=  -47.64  <Mz>=0.947  torsion=    18.4 deg (+0.019 deg/nm)  acc=0.48  t=10.00 h  ETA=26.14 h
  ciclo   7000/23500  Eall=  -47.68  <Mz>=0.950  torsion=    17.9 deg (+0.019 deg/nm)  acc=0.48  t=10.24 h  ETA=24.13 h
  ciclo   7500/23500  Eall=  -47.83  <Mz>=0.951  torsion=    17.8 deg (+0.018 deg/nm)  acc=0.48  t=10.48 h  ETA=22.35 h
  ciclo   8000/23500  Eall=  -47.89  <Mz>=0.948  torsion=    17.3 deg (+0.018 deg/nm)  acc=0.48  t=10.70 h  ETA=20.72 h
  ciclo   8500/23500  Eall=  -47.99  <Mz>=0.947  torsion=    17.2 deg (+0.018 deg/nm)  acc=0.48  t=10.89 h  ETA=19.22 h
  ciclo   9000/23500  Eall=  -48.10  <Mz>=0.952  torsion=   107.6 deg (+0.111 deg/nm)  acc=0.48  t=11.09 h  ETA=17.87 h
  ciclo   9500/23500  Eall=  -48.03  <Mz>=0.951  torsion=   197.4 deg (+0.205 deg/nm)  acc=0.48  t=11.28 h  ETA=16.63 h
  ciclo  10000/23500  Eall=  -48.21  <Mz>=0.950  torsion=    17.1 deg (+0.018 deg/nm)  acc=0.48  t=11.47 h  ETA=15.49 h
  ciclo  10500/23500  Eall=  -48.28  <Mz>=0.947  torsion=    17.1 deg (+0.018 deg/nm)  acc=0.48  t=11.65 h  ETA=14.43 h
  ciclo  11000/23500  Eall=  -48.31  <Mz>=0.951  torsion=   107.4 deg (+0.111 deg/nm)  acc=0.49  t=11.84 h  ETA=13.45 h
  ciclo  11500/23500  Eall=  -48.27  <Mz>=0.948  torsion=   197.5 deg (+0.205 deg/nm)  acc=0.49  t=12.01 h  ETA=12.54 h
  ciclo  12000/23500  Eall=  -48.52  <Mz>=0.947  torsion=   197.3 deg (+0.204 deg/nm)  acc=0.49  t=12.20 h  ETA=11.69 h
  ciclo  12500/23500  Eall=  -48.48  <Mz>=0.949  torsion=   107.2 deg (+0.111 deg/nm)  acc=0.49  t=12.38 h  ETA=10.89 h
  ciclo  13000/23500  Eall=  -48.56  <Mz>=0.949  torsion=   107.3 deg (+0.111 deg/nm)  acc=0.49  t=12.56 h  ETA=10.14 h
  ciclo  13500/23500  Eall=  -48.70  <Mz>=0.945  torsion=    17.4 deg (+0.018 deg/nm)  acc=0.49  t=12.75 h  ETA=9.44 h
  ciclo  14000/23500  Eall=  -48.60  <Mz>=0.946  torsion=   107.3 deg (+0.111 deg/nm)  acc=0.49  t=12.94 h  ETA=8.78 h
  ciclo  14500/23500  Eall=  -48.78  <Mz>=0.948  torsion=    16.9 deg (+0.018 deg/nm)  acc=0.49  t=13.12 h  ETA=8.14 h
  ciclo  15000/23500  Eall=  -48.92  <Mz>=0.949  torsion=   106.9 deg (+0.111 deg/nm)  acc=0.49  t=13.30 h  ETA=7.54 h
  ciclo  15500/23500  Eall=  -48.92  <Mz>=0.949  torsion=    17.1 deg (+0.018 deg/nm)  acc=0.49  t=13.48 h  ETA=6.96 h
  ciclo  16000/23500  Eall=  -48.95  <Mz>=0.949  torsion=    16.7 deg (+0.017 deg/nm)  acc=0.49  t=13.67 h  ETA=6.41 h
  ciclo  16500/23500  Eall=  -48.92  <Mz>=0.949  torsion=    17.4 deg (+0.018 deg/nm)  acc=0.49  t=13.85 h  ETA=5.87 h
  ciclo  17000/23500  Eall=  -49.01  <Mz>=0.948  torsion=   107.3 deg (+0.111 deg/nm)  acc=0.49  t=14.03 h  ETA=5.36 h
  ciclo  17500/23500  Eall=  -48.99  <Mz>=0.945  torsion=   107.4 deg (+0.111 deg/nm)  acc=0.49  t=14.21 h  ETA=4.87 h
  ciclo  18000/23500  Eall=  -48.98  <Mz>=0.947  torsion=    17.5 deg (+0.018 deg/nm)  acc=0.49  t=14.39 h  ETA=4.40 h
  ciclo  18500/23500  Eall=  -49.03  <Mz>=0.946  torsion=    17.0 deg (+0.018 deg/nm)  acc=0.49  t=14.58 h  ETA=3.94 h
  ciclo  19000/23500  Eall=  -49.13  <Mz>=0.947  torsion=    17.5 deg (+0.018 deg/nm)  acc=0.49  t=14.76 h  ETA=3.50 h
  ciclo  19500/23500  Eall=  -49.18  <Mz>=0.946  torsion=    17.8 deg (+0.018 deg/nm)  acc=0.49  t=14.94 h  ETA=3.06 h
  ciclo  20000/23500  Eall=  -49.15  <Mz>=0.949  torsion=   107.4 deg (+0.111 deg/nm)  acc=0.49  t=15.12 h  ETA=2.65 h
  ciclo  20500/23500  Eall=  -49.18  <Mz>=0.945  torsion=    17.8 deg (+0.018 deg/nm)  acc=0.49  t=15.30 h  ETA=2.24 h
  ciclo  21000/23500  Eall=  -49.30  <Mz>=0.948  torsion=    17.7 deg (+0.018 deg/nm)  acc=0.49  t=15.49 h  ETA=1.84 h
  ciclo  21500/23500  Eall=  -49.36  <Mz>=0.950  torsion=    17.7 deg (+0.018 deg/nm)  acc=0.49  t=15.68 h  ETA=1.46 h
  ciclo  22000/23500  Eall=  -49.40  <Mz>=0.949  torsion=    17.8 deg (+0.018 deg/nm)  acc=0.49  t=15.86 h  ETA=1.08 h
  ciclo  22500/23500  Eall=  -49.48  <Mz>=0.947  torsion=    18.3 deg (+0.019 deg/nm)  acc=0.49  t=16.05 h  ETA=0.71 h
  ciclo  23000/23500  Eall=  -49.62  <Mz>=0.948  torsion=    18.5 deg (+0.019 deg/nm)  acc=0.49  t=16.23 h  ETA=0.35 h
{
 "tag": "prod_110_w3x3_H417_v3_dd1.5",
 "N": 540,
 "width": 3,
 "length": 60,
 "double": false,
 "arrangement": "110",
 "field": 417.0,
 "vdw_scale": 3.0,
 "dd_scale": 1.5,
 "cycles": 23500,
 "hours": 16.420099881092707,
 "twist_deg": 18.78474815066561,
 "twist_rate": 0.019465805400918836,
 "pitch_nm": 18493.968915512076,
 "handedness": 0,
 "width_nm": 29.932295861057707,
 "coil_nm": 2.2987023260321333,
 "max_cluster": 540,
 "assembled": 1.0
}
